==00:00:00:00.000 11121== Memcheck, a memory error detector
==00:00:00:00.000 11121== Copyright (C) 2002-2009, and GNU GPL'd, by Julian Seward et al.
==00:00:00:00.000 11121== Using Valgrind-3.5.0-Debian and LibVEX; rerun with -h for copyright info
==00:00:00:00.000 11121== Command: ./testtwitpool
==00:00:00:00.000 11121== Parent PID: 11089
==00:00:00:00.000 11121== 
--00:00:00:00.000 11121-- 
--00:00:00:00.000 11121-- Valgrind options:
--00:00:00:00.000 11121--    --suppressions=/usr/lib/valgrind/debian-libc6-dbg.supp
--00:00:00:00.000 11121--    --tool=memcheck
--00:00:00:00.000 11121--    -v
--00:00:00:00.000 11121--    -v
--00:00:00:00.000 11121--    -v
--00:00:00:00.000 11121--    -v
--00:00:00:00.000 11121--    -v
--00:00:00:00.000 11121--    -v
--00:00:00:00.000 11121--    -v
--00:00:00:00.000 11121--    --track-fds=yes
--00:00:00:00.000 11121--    --time-stamp=yes
--00:00:00:00.000 11121--    --log-file=./tests/twitpool/memcheck.out
--00:00:00:00.000 11121--    --track-origins=yes
--00:00:00:00.000 11121--    --leak-check=full
--00:00:00:00.000 11121--    --show-reachable=yes
--00:00:00:00.000 11121--    --leak-resolution=high
--00:00:00:00.000 11121-- Contents of /proc/version:
--00:00:00:00.000 11121--   Linux version 2.6.31-16-generic (buildd@crested) (gcc version 4.4.1 (Ubuntu 4.4.1-4ubuntu8) ) #53-Ubuntu SMP Tue Dec 8 04:02:15 UTC 2009
--00:00:00:00.000 11121-- Arch and hwcaps: AMD64, amd64-sse3-cx16
--00:00:00:00.000 11121-- Page sizes: currently 4096, max supported 4096
--00:00:00:00.000 11121-- Valgrind library directory: /usr/lib/valgrind
--00:00:00:00.091 11121-- TT/TC: VG_(init_tt_tc) (startup of code management)
--00:00:00:00.092 11121-- TT/TC: cache: 8 sectors of 29772288 bytes each = 238178304 total
--00:00:00:00.092 11121-- TT/TC: table: 524168 total entries, max occupancy 419328 (80%)
--00:00:00:00.093 11121-- Reading syms from /home/tassos/code/OperatingSystems/src/server/testtwitpool (0x400000)
--00:00:00:00.093 11121--    svma 0x0000400840, avma 0x0000400840
--00:00:00:00.094 11121-- Reading syms from /lib/ld-2.10.1.so (0x4000000)
--00:00:00:00.094 11121--    svma 0x0000000af0, avma 0x0004000af0
--00:00:00:00.094 11121-- Reading debug info from /lib/ld-2.10.1.so ..
--00:00:00:00.094 11121-- .. CRC mismatch (computed 27e0048f wanted 447ba3bc)
--00:00:00:00.105 11121-- Reading debug info from /usr/lib/debug/lib/ld-2.10.1.so ..
--00:00:00:00.128 11121-- summarise_context(loc_start = 0x10): cannot summarise(why=1):   
0xfe: [0]={ 56(r3) { u  u  u  c-56 u  u  u  u  u  u  u  u  u  u  u  u  c-8 u  u  u  }
--00:00:00:00.128 11121-- summarise_context(loc_start = 0x105): cannot summarise(why=1):   
0x183: [0]={ 56(r3) { u  u  u  c-56 u  u  u  u  u  u  u  u  u  u  u  u  c-8 u  u  u  }
--00:00:00:00.129 11121-- summarise_context(loc_start = 0x2d): cannot summarise(why=1):   
0x4a: [0]={ 0(r5) { u  u  u  c0 u  u  c8 r8 u  u  u  u  c16 c24 c32 c40 r1 u  u  u  }
--00:00:00:00.132 11121-- Reading syms from /usr/lib/valgrind/memcheck-amd64-linux (0x38000000)
--00:00:00:00.149 11121--    svma 0x0038000180, avma 0x0038000180
--00:00:00:00.154 11121--    object doesn't have a dynamic symbol table
--00:00:00:00.242 11121-- Reading suppressions file: /usr/lib/valgrind/debian-libc6-dbg.supp
--00:00:00:00.249 11121-- Reading suppressions file: /usr/lib/valgrind/default.supp
--00:00:00:00.279 11121-- TT/TC: initialise sector 0
--00:00:00:00.295 11121-- REDIR: 0x4017050 (strlen) redirected to 0x3803fa17 (vgPlain_amd64_linux_REDIR_FOR_strlen)
--00:00:00:00.532 11121-- Reading syms from /usr/lib/valgrind/vgpreload_core-amd64-linux.so (0x4a20000)
--00:00:00:00.532 11121--    svma 0x00000004f0, avma 0x0004a204f0
--00:00:00:00.595 11121-- Reading syms from /usr/lib/valgrind/vgpreload_memcheck-amd64-linux.so (0x4c22000)
--00:00:00:00.636 11121--    svma 0x0000001e10, avma 0x0004c23e10
==00:00:00:00.638 11121== WARNING: new redirection conflicts with existing -- ignoring it
--00:00:00:00.638 11121--     new: 0x04017050 (strlen              ) R-> 0x04c26210 strlen
--00:00:00:00.687 11121-- REDIR: 0x4016ec0 (index) redirected to 0x4c25f60 (index)
--00:00:00:00.690 11121-- REDIR: 0x4016f40 (strcmp) redirected to 0x4c26510 (strcmp)
--00:00:00:00.856 11121-- Reading syms from /lib/libc-2.10.1.so (0x4e2a000)
--00:00:00:00.856 11121--    svma 0x000001e730, avma 0x0004e48730
--00:00:00:00.856 11121-- Reading debug info from /lib/libc-2.10.1.so ..
--00:00:00:00.907 11121-- .. CRC mismatch (computed 9003397f wanted a4efd6e8)
--00:00:00:00.907 11121-- Reading debug info from /usr/lib/debug/lib/libc-2.10.1.so ..
--00:00:00:01.519 11121-- summarise_context(loc_start = 0x33): cannot summarise(why=1):   
0x50: [0]={ 0(r5) { u  u  u  c0 u  u  c8 r8 u  u  u  u  c16 c24 c32 c40 r1 u  u  u  }
--00:00:00:01.519 11121-- summarise_context(loc_start = 0x35): cannot summarise(why=1):   
0x7d: [0]={ 0(r5) { u  u  u  c128 u  u  c120 c160 u  u  u  u  c72 c80 c88 c96 c168 u  u  u  }
--00:00:00:01.524 11121-- summarise_context(loc_start = 0x1): cannot summarise(why=2):   
0x25: [0]={ 0(r7) { u  u  u  u  u  u  u  u  u  u  u  u  u  u  u  u  r5 u  u  u  }
--00:00:00:01.524 11121-- summarise_context(loc_start = 0x25): cannot summarise(why=2):   
0x4f: [0]={ 8(r7) { u  u  u  u  u  u  u  u  u  u  u  u  u  u  u  u  r5 u  u  u  }
--00:00:00:02.244 11121-- REDIR: 0x4ea3d70 (calloc) redirected to 0x4c243c9 (calloc)
--00:00:00:02.367 11121-- REDIR: 0x4ea97e0 (rindex) redirected to 0x4c25dc0 (rindex)
--00:00:00:02.482 11121-- REDIR: 0x4eaee90 (strchrnul) redirected to 0x4c27160 (strchrnul)
--00:00:00:02.639 11121-- REDIR: 0x4ea4780 (malloc) redirected to 0x4c250d1 (malloc)
--00:00:00:02.643 11121-- REDIR: 0x4eac4c0 (memcpy) redirected to 0x4c265e0 (memcpy)
--00:00:00:02.692 11121-- REDIR: 0x4ea46a0 (free) redirected to 0x4c24ce1 (free)
--00:00:00:02.797 11121-- REDIR: 0x4ea93b0 (strlen) redirected to 0x4c261d0 (strlen)
==00:00:00:02.800 11121== 
==00:00:00:02.800 11121== Process terminating with default action of signal 27 (SIGPROF)
==00:00:00:02.800 11121==    at 0x4EFB6AE: __open_nocancel (in /lib/libc-2.10.1.so)
==00:00:00:02.800 11121==    by 0x4F0BBC0: write_gmon (gmon.c:362)
==00:00:00:02.800 11121==    by 0x4F0C0D9: _mcleanup (gmon.c:430)
==00:00:00:02.800 11121==    by 0x4E62C11: exit (exit.c:78)
==00:00:00:02.800 11121==    by 0x400E9E: main (testtwitpool.c:72)
--00:00:00:02.800 11121-- Caught __NR_exit; running __libc_freeres()
==00:00:00:02.957 11121== 
==00:00:00:02.957 11121== FILE DESCRIPTORS: 4 open at exit.
==00:00:00:02.957 11121== Open file descriptor 3: /home/tassos/code/OperatingSystems/src/server/tests/twitpool/memcheck.out
==00:00:00:02.957 11121==    <inherited from parent>
==00:00:00:02.957 11121== 
==00:00:00:02.957 11121== Open file descriptor 2: /dev/pts/0
==00:00:00:02.957 11121==    <inherited from parent>
==00:00:00:02.957 11121== 
==00:00:00:02.957 11121== Open file descriptor 1: /dev/pts/0
==00:00:00:02.957 11121==    <inherited from parent>
==00:00:00:02.957 11121== 
==00:00:00:02.957 11121== Open file descriptor 0: /dev/pts/0
==00:00:00:02.957 11121==    <inherited from parent>
==00:00:00:02.957 11121== 
==00:00:00:02.957 11121== 
==00:00:00:02.957 11121== HEAP SUMMARY:
==00:00:00:02.957 11121==     in use at exit: 3,244 bytes in 1 blocks
==00:00:00:02.957 11121==   total heap usage: 21 allocs, 20 frees, 3,694 bytes allocated
==00:00:00:02.957 11121== 
==00:00:00:02.957 11121== Searching for pointers to 1 not-freed blocks
--00:00:00:02.957 11121--   Scanning root segment: 0x602000..0x602fff (4096)
--00:00:00:02.957 11121--   Scanning root segment: 0x401f000..0x4021fff (12288)
--00:00:00:02.957 11121--   Scanning root segment: 0x4034000..0x4035fff (8192)
--00:00:00:02.957 11121--   Scanning root segment: 0x421f000..0x421ffff (4096)
--00:00:00:02.957 11121--   Scanning root segment: 0x4220000..0x4220fff (4096)
--00:00:00:02.957 11121--   Scanning root segment: 0x4c21000..0x4c21fff (4096)
--00:00:00:02.957 11121--   Scanning root segment: 0x4e29000..0x4e29fff (4096)
--00:00:00:02.957 11121--   Scanning root segment: 0x5193000..0x5193fff (4096)
--00:00:00:02.957 11121--   Scanning root segment: 0x5194000..0x5198fff (20480)
--00:00:00:02.957 11121--   Scanning root segment: 0x7feffe000..0x7ff000fff (12288)
==00:00:00:02.958 11121== Checked 72,496 bytes
==00:00:00:02.958 11121== 
==00:00:00:02.958 11121== 3,244 bytes in 1 blocks are still reachable in loss record 1 of 1
==00:00:00:02.958 11121==    at 0x4C24477: calloc (vg_replace_malloc.c:418)
==00:00:00:02.958 11121==    by 0x4F0C1A2: monstartup (gmon.c:136)
==00:00:00:02.958 11121==    by 0x4008A0: __gmon_start__ (gmon-start.c:74)
==00:00:00:02.958 11121==    by 0x4C23E21: ??? (in /usr/lib/valgrind/vgpreload_memcheck-amd64-linux.so)
==00:00:00:02.958 11121== 
==00:00:00:02.958 11121== LEAK SUMMARY:
==00:00:00:02.958 11121==    definitely lost: 0 bytes in 0 blocks
==00:00:00:02.958 11121==    indirectly lost: 0 bytes in 0 blocks
==00:00:00:02.958 11121==      possibly lost: 0 bytes in 0 blocks
==00:00:00:02.958 11121==    still reachable: 3,244 bytes in 1 blocks
==00:00:00:02.958 11121==         suppressed: 0 bytes in 0 blocks
==00:00:00:02.958 11121== 
==00:00:00:02.958 11121== ERROR SUMMARY: 0 errors from 0 contexts (suppressed: 4 from 4)
--00:00:00:02.958 11121-- 
--00:00:00:02.958 11121-- used_suppression:      2 Debian libc6 (2.10.x) stripped dynamic linker
--00:00:00:02.958 11121-- used_suppression:      2 Debian libc6 (2.10.x) stripped dynamic linker
==00:00:00:02.958 11121== 
==00:00:00:02.958 11121== ERROR SUMMARY: 0 errors from 0 contexts (suppressed: 4 from 4)
