==00:00:00:00.000 2835== Memcheck, a memory error detector
==00:00:00:00.000 2835== Copyright (C) 2002-2009, and GNU GPL'd, by Julian Seward et al.
==00:00:00:00.000 2835== Using Valgrind-3.5.0-Debian and LibVEX; rerun with -h for copyright info
==00:00:00:00.000 2835== Command: ./server
==00:00:00:00.000 2835== Parent PID: 2834
==00:00:00:00.000 2835== 
--00:00:00:00.000 2835-- 
--00:00:00:00.000 2835-- Valgrind options:
--00:00:00:00.000 2835--    --suppressions=/usr/lib/valgrind/debian-libc6-dbg.supp
--00:00:00:00.000 2835--    --tool=memcheck
--00:00:00:00.000 2835--    -v
--00:00:00:00.000 2835--    -v
--00:00:00:00.000 2835--    -v
--00:00:00:00.001 2835--    -v
--00:00:00:00.001 2835--    -v
--00:00:00:00.001 2835--    -v
--00:00:00:00.001 2835--    -v
--00:00:00:00.001 2835--    --track-fds=yes
--00:00:00:00.001 2835--    --time-stamp=yes
--00:00:00:00.001 2835--    --log-file=./tests/memcheck.out
--00:00:00:00.001 2835--    --track-origins=yes
--00:00:00:00.001 2835--    --leak-check=full
--00:00:00:00.001 2835--    --show-reachable=yes
--00:00:00:00.001 2835--    --leak-resolution=high
--00:00:00:00.001 2835-- Contents of /proc/version:
--00:00:00:00.001 2835--   Linux version 2.6.31-16-generic (buildd@crested) (gcc version 4.4.1 (Ubuntu 4.4.1-4ubuntu8) ) #53-Ubuntu SMP Tue Dec 8 04:02:15 UTC 2009
--00:00:00:00.001 2835-- Arch and hwcaps: AMD64, amd64-sse3-cx16
--00:00:00:00.001 2835-- Page sizes: currently 4096, max supported 4096
--00:00:00:00.001 2835-- Valgrind library directory: /usr/lib/valgrind
--00:00:00:00.098 2835-- TT/TC: VG_(init_tt_tc) (startup of code management)
--00:00:00:00.099 2835-- TT/TC: cache: 8 sectors of 29772288 bytes each = 238178304 total
--00:00:00:00.099 2835-- TT/TC: table: 524168 total entries, max occupancy 419328 (80%)
--00:00:00:00.100 2835-- Reading syms from /home/tassos/code/OperatingSystems/src/server/server (0x400000)
--00:00:00:00.100 2835--    svma 0x0000401830, avma 0x0000401830
--00:00:00:00.101 2835-- Reading syms from /lib/ld-2.10.1.so (0x4000000)
--00:00:00:00.101 2835--    svma 0x0000000af0, avma 0x0004000af0
--00:00:00:00.101 2835-- Reading debug info from /lib/ld-2.10.1.so ..
--00:00:00:00.101 2835-- .. CRC mismatch (computed 27e0048f wanted 447ba3bc)
--00:00:00:00.111 2835-- Reading debug info from /usr/lib/debug/lib/ld-2.10.1.so ..
--00:00:00:00.148 2835-- summarise_context(loc_start = 0x10): cannot summarise(why=1):   
0xfe: [0]={ 56(r3) { u  u  u  c-56 u  u  u  u  u  u  u  u  u  u  u  u  c-8 u  u  u  }
--00:00:00:00.148 2835-- summarise_context(loc_start = 0x105): cannot summarise(why=1):   
0x183: [0]={ 56(r3) { u  u  u  c-56 u  u  u  u  u  u  u  u  u  u  u  u  c-8 u  u  u  }
--00:00:00:00.149 2835-- summarise_context(loc_start = 0x2d): cannot summarise(why=1):   
0x4a: [0]={ 0(r5) { u  u  u  c0 u  u  c8 r8 u  u  u  u  c16 c24 c32 c40 r1 u  u  u  }
--00:00:00:00.157 2835-- Reading syms from /usr/lib/valgrind/memcheck-amd64-linux (0x38000000)
--00:00:00:00.167 2835--    svma 0x0038000180, avma 0x0038000180
--00:00:00:00.173 2835--    object doesn't have a dynamic symbol table
--00:00:00:00.319 2835-- Reading suppressions file: /usr/lib/valgrind/debian-libc6-dbg.supp
--00:00:00:00.333 2835-- Reading suppressions file: /usr/lib/valgrind/default.supp
--00:00:00:00.425 2835-- TT/TC: initialise sector 0
--00:00:00:00.461 2835-- REDIR: 0x4017050 (strlen) redirected to 0x3803fa17 (vgPlain_amd64_linux_REDIR_FOR_strlen)
--00:00:00:00.574 2835-- Reading syms from /usr/lib/valgrind/vgpreload_core-amd64-linux.so (0x4a20000)
--00:00:00:00.574 2835--    svma 0x00000004f0, avma 0x0004a204f0
--00:00:00:00.619 2835-- Reading syms from /usr/lib/valgrind/vgpreload_memcheck-amd64-linux.so (0x4c22000)
--00:00:00:00.620 2835--    svma 0x0000001e10, avma 0x0004c23e10
==00:00:00:00.625 2835== WARNING: new redirection conflicts with existing -- ignoring it
--00:00:00:00.625 2835--     new: 0x04017050 (strlen              ) R-> 0x04c26210 strlen
--00:00:00:00.639 2835-- REDIR: 0x4016ec0 (index) redirected to 0x4c25f60 (index)
--00:00:00:00.641 2835-- REDIR: 0x4016f40 (strcmp) redirected to 0x4c26510 (strcmp)
--00:00:00:00.677 2835-- Reading syms from /lib/libpthread-2.10.1.so (0x4e2a000)
--00:00:00:00.677 2835--    svma 0x00000052d0, avma 0x0004e2f2d0
--00:00:00:00.677 2835-- Reading debug info from /lib/libpthread-2.10.1.so ..
--00:00:00:00.677 2835-- .. CRC mismatch (computed 217e8639 wanted 7a12e000)
--00:00:00:00.677 2835-- Reading debug info from /usr/lib/debug/lib/libpthread-2.10.1.so ..
--00:00:00:00.709 2835-- summarise_context(loc_start = 0x1): cannot summarise(why=2):   
0x1d: [0]={ 0(r7) { u  u  u  u  u  u  u  u  u  u  u  u  u  u  u  u  r5 u  u  u  }
--00:00:00:00.709 2835-- summarise_context(loc_start = 0x1d): cannot summarise(why=2):   
0x47: [0]={ 8(r7) { u  u  u  u  u  u  u  u  u  u  u  u  u  u  u  u  r5 u  u  u  }
--00:00:00:00.750 2835-- Reading syms from /lib/libc-2.10.1.so (0x5046000)
--00:00:00:00.750 2835--    svma 0x000001e730, avma 0x0005064730
--00:00:00:00.750 2835-- Reading debug info from /lib/libc-2.10.1.so ..
--00:00:00:00.770 2835-- .. CRC mismatch (computed 9003397f wanted a4efd6e8)
--00:00:00:00.770 2835-- Reading debug info from /usr/lib/debug/lib/libc-2.10.1.so ..
--00:00:00:00.975 2835-- summarise_context(loc_start = 0x33): cannot summarise(why=1):   
0x50: [0]={ 0(r5) { u  u  u  c0 u  u  c8 r8 u  u  u  u  c16 c24 c32 c40 r1 u  u  u  }
--00:00:00:00.977 2835-- summarise_context(loc_start = 0x35): cannot summarise(why=1):   
0x7d: [0]={ 0(r5) { u  u  u  c128 u  u  c120 c160 u  u  u  u  c72 c80 c88 c96 c168 u  u  u  }
--00:00:00:00.988 2835-- summarise_context(loc_start = 0x1): cannot summarise(why=2):   
0x25: [0]={ 0(r7) { u  u  u  u  u  u  u  u  u  u  u  u  u  u  u  u  r5 u  u  u  }
--00:00:00:00.988 2835-- summarise_context(loc_start = 0x25): cannot summarise(why=2):   
0x4f: [0]={ 8(r7) { u  u  u  u  u  u  u  u  u  u  u  u  u  u  u  u  r5 u  u  u  }
--00:00:00:01.192 2835-- REDIR: 0x50c57e0 (rindex) redirected to 0x4c25dc0 (rindex)
--00:00:00:01.211 2835-- REDIR: 0x50bfd70 (calloc) redirected to 0x4c243c9 (calloc)
--00:00:00:01.242 2835-- REDIR: 0x50c7020 (memset) redirected to 0x4c27080 (memset)
--00:00:00:01.369 2835-- REDIR: 0x50c53b0 (strlen) redirected to 0x4c261d0 (strlen)
--00:00:00:01.370 2835-- REDIR: 0x50c84c0 (memcpy) redirected to 0x4c265e0 (memcpy)
--00:00:00:01.383 2835-- REDIR: 0x50cae90 (strchrnul) redirected to 0x4c27160 (strchrnul)
--00:00:00:01.403 2835-- REDIR: 0xffffffffff600400 (???) redirected to 0x3803fa0d (vgPlain_amd64_linux_REDIR_FOR_vtime)
--00:00:00:01.426 2835-- REDIR: 0x50c4da0 (index) redirected to 0x4c25e60 (index)
--00:00:00:01.436 2835-- REDIR: 0x50c5580 (strncmp) redirected to 0x4c26450 (strncmp)
--00:00:00:01.438 2835-- REDIR: 0x50c0780 (malloc) redirected to 0x4c250d1 (malloc)
--00:00:00:01.464 2835-- REDIR: 0x50c68d0 (memchr) redirected to 0x4c265b0 (memchr)
--00:00:00:01.488 2835-- REDIR: 0x50c06a0 (free) redirected to 0x4c24ce1 (free)
--00:00:00:01.521 2835-- REDIR: 0x50c7b50 (mempcpy) redirected to 0x4c271b0 (mempcpy)
--00:00:00:01.532 2835-- REDIR: 0x50c4e20 (strcmp) redirected to 0x4c264c0 (strcmp)
--00:00:00:01.540 2835-- REDIR: 0x50c8170 (stpcpy) redirected to 0x4c26e10 (stpcpy)
--00:00:00:01.565 2835-- Reading syms from /lib/libnss_files-2.10.1.so (0x67b7000)
--00:00:00:01.565 2835--    svma 0x0000002170, avma 0x00067b9170
--00:00:00:01.565 2835-- Reading debug info from /lib/libnss_files-2.10.1.so ..
--00:00:00:01.565 2835-- .. CRC mismatch (computed 1e8ecf79 wanted 95e01138)
--00:00:00:01.565 2835-- Reading debug info from /usr/lib/debug/lib/libnss_files-2.10.1.so ..
--00:00:00:01.594 2835-- REDIR: 0x50c4e60 (strcpy) redirected to 0x4c26230 (strcpy)
--00:00:00:01.632 2835-- REDIR: 0x50cae30 (rawmemchr) redirected to 0x4c27190 (rawmemchr)
--00:00:00:36.280 2835-- Reading syms from /lib/libgcc_s.so.1 (0xb9ce000)
--00:00:00:36.280 2835--    svma 0x0000002d80, avma 0x000b9d0d80
--00:00:00:36.280 2835-- Reading debug info from /lib/libgcc_s.so.1 ..
--00:00:00:36.281 2835-- .. CRC mismatch (computed f5b57570 wanted af9258d5)
--00:00:00:36.281 2835--    object doesn't have a symbol table
==00:00:04:29.199 2835== 
==00:00:04:29.199 2835== Process terminating with default action of signal 27 (SIGPROF)
==00:00:04:29.199 2835==    at 0x51176AE: __open_nocancel (in /lib/libc-2.10.1.so)
==00:00:04:29.199 2835==    by 0x5127BC0: write_gmon (gmon.c:362)
==00:00:04:29.199 2835==    by 0x51280D9: _mcleanup (gmon.c:430)
==00:00:04:29.199 2835==    by 0x507EC11: exit (exit.c:78)
==00:00:04:29.199 2835==    by 0x4039D6: handle_termination (server.c:211)
==00:00:04:29.199 2835==    by 0x403839: main (server.c:151)
--00:00:04:29.199 2835-- Caught __NR_exit; running __libc_freeres()
--00:00:04:29.255 2835-- Discarding syms at 0xb9d0d80-0xb9e1238 in /lib/libgcc_s.so.1 due to munmap()
--00:00:04:29.501 2835-- Discarding syms at 0x67b9170-0x67c0b68 in /lib/libnss_files-2.10.1.so due to munmap()
==00:00:04:29.513 2835== 
==00:00:04:29.513 2835== FILE DESCRIPTORS: 6 open at exit.
==00:00:04:29.513 2835== Open AF_INET socket 6: 127.0.1.1:3331 <-> unbound
==00:00:04:29.513 2835==    at 0x5126A27: socket (in /lib/libc-2.10.1.so)
==00:00:04:29.513 2835==    by 0x40263F: prepareListenerSocket (listen.c:67)
==00:00:04:29.513 2835==    by 0x402EC4: prepareSayersListenerSocket (listen.c:306)
==00:00:04:29.513 2835==    by 0x4029AA: sayersListener (listen.c:156)
==00:00:04:29.513 2835==    by 0x4E30A03: start_thread (pthread_create.c:300)
==00:00:04:29.513 2835==    by 0x51257BC: clone (clone.S:112)
==00:00:04:29.513 2835== 
==00:00:04:29.513 2835== Open AF_INET socket 4: 127.0.1.1:3332 <-> unbound
==00:00:04:29.513 2835==    at 0x5126A27: socket (in /lib/libc-2.10.1.so)
==00:00:04:29.513 2835==    by 0x40263F: prepareListenerSocket (listen.c:67)
==00:00:04:29.513 2835==    by 0x402ED9: prepareHearersListenerSocket (listen.c:312)
==00:00:04:29.513 2835==    by 0x402C70: hearersListener (listen.c:242)
==00:00:04:29.513 2835==    by 0x4E30A03: start_thread (pthread_create.c:300)
==00:00:04:29.513 2835==    by 0x51257BC: clone (clone.S:112)
==00:00:04:29.513 2835== 
==00:00:04:29.513 2835== Open file descriptor 3: /home/tassos/code/OperatingSystems/src/server/tests/memcheck.out
==00:00:04:29.513 2835==    <inherited from parent>
==00:00:04:29.513 2835== 
==00:00:04:29.513 2835== Open file descriptor 2: /dev/pts/0
==00:00:04:29.513 2835==    <inherited from parent>
==00:00:04:29.513 2835== 
==00:00:04:29.513 2835== Open file descriptor 1: /dev/pts/0
==00:00:04:29.513 2835==    <inherited from parent>
==00:00:04:29.513 2835== 
==00:00:04:29.513 2835== Open file descriptor 0: /dev/pts/0
==00:00:04:29.513 2835==    <inherited from parent>
==00:00:04:29.513 2835== 
==00:00:04:29.513 2835== 
==00:00:04:29.513 2835== HEAP SUMMARY:
==00:00:04:29.513 2835==     in use at exit: 16,300 bytes in 4 blocks
==00:00:04:29.513 2835==   total heap usage: 96 allocs, 92 frees, 29,667 bytes allocated
==00:00:04:29.513 2835== 
==00:00:04:29.513 2835== Searching for pointers to 4 not-freed blocks
--00:00:04:29.513 2835--   Scanning root segment: 0x605000..0x605fff (4096)
--00:00:04:29.513 2835--   Scanning root segment: 0x401f000..0x4021fff (12288)
--00:00:04:29.513 2835--   Scanning root segment: 0x4023000..0x4023fff (4096)
--00:00:04:29.513 2835--   Scanning root segment: 0x4034000..0x4035fff (8192)
--00:00:04:29.513 2835--   Scanning root segment: 0x421f000..0x421ffff (4096)
--00:00:04:29.513 2835--   Scanning root segment: 0x4220000..0x4220fff (4096)
--00:00:04:29.513 2835--   Scanning root segment: 0x4c21000..0x4c21fff (4096)
--00:00:04:29.513 2835--   Scanning root segment: 0x4e29000..0x4e29fff (4096)
--00:00:04:29.514 2835--   Scanning root segment: 0x5041000..0x5041fff (4096)
--00:00:04:29.514 2835--   Scanning root segment: 0x5042000..0x5045fff (16384)
--00:00:04:29.514 2835--   Scanning root segment: 0x53af000..0x53affff (4096)
--00:00:04:29.514 2835--   Scanning root segment: 0x53b0000..0x53b4fff (20480)
--00:00:04:29.514 2835--   Scanning root segment: 0x57b6000..0x5fb5fff (8388608)
--00:00:04:29.590 2835--   Scanning root segment: 0x5fb7000..0x67b6fff (8388608)
--00:00:04:29.666 2835--   Scanning root segment: 0x69c5000..0x71c4fff (8388608)
--00:00:04:29.742 2835--   Scanning root segment: 0x7feffe000..0x7ff000fff (12288)
==00:00:04:29.743 2835== Checked 25,251,936 bytes
==00:00:04:29.743 2835== 
==00:00:04:29.743 2835== 272 bytes in 1 blocks are possibly lost in loss record 1 of 4
==00:00:04:29.743 2835==    at 0x4C24477: calloc (vg_replace_malloc.c:418)
==00:00:04:29.743 2835==    by 0x4011A6E: _dl_allocate_tls (dl-tls.c:300)
==00:00:04:29.743 2835==    by 0x4E31440: pthread_create@@GLIBC_2.2.5 (allocatestack.c:561)
==00:00:04:29.743 2835==    by 0x401EC1: startStatisticsUpdater (init.c:126)
==00:00:04:29.743 2835==    by 0x401E04: initializeServer (init.c:96)
==00:00:04:29.743 2835==    by 0x403747: main (server.c:125)
==00:00:04:29.743 2835== 
==00:00:04:29.743 2835== 272 bytes in 1 blocks are possibly lost in loss record 2 of 4
==00:00:04:29.743 2835==    at 0x4C24477: calloc (vg_replace_malloc.c:418)
==00:00:04:29.743 2835==    by 0x4011A6E: _dl_allocate_tls (dl-tls.c:300)
==00:00:04:29.743 2835==    by 0x4E31440: pthread_create@@GLIBC_2.2.5 (allocatestack.c:561)
==00:00:04:29.743 2835==    by 0x40204F: startHearersListener (init.c:161)
==00:00:04:29.743 2835==    by 0x401E1C: initializeServer (init.c:100)
==00:00:04:29.743 2835==    by 0x403747: main (server.c:125)
==00:00:04:29.743 2835== 
==00:00:04:29.743 2835== 272 bytes in 1 blocks are possibly lost in loss record 3 of 4
==00:00:04:29.743 2835==    at 0x4C24477: calloc (vg_replace_malloc.c:418)
==00:00:04:29.743 2835==    by 0x4011A6E: _dl_allocate_tls (dl-tls.c:300)
==00:00:04:29.743 2835==    by 0x4E31440: pthread_create@@GLIBC_2.2.5 (allocatestack.c:561)
==00:00:04:29.743 2835==    by 0x4021DD: startSayersListener (init.c:195)
==00:00:04:29.743 2835==    by 0x401E34: initializeServer (init.c:104)
==00:00:04:29.743 2835==    by 0x403747: main (server.c:125)
==00:00:04:29.743 2835== 
==00:00:04:29.743 2835== 15,484 bytes in 1 blocks are still reachable in loss record 4 of 4
==00:00:04:29.743 2835==    at 0x4C24477: calloc (vg_replace_malloc.c:418)
==00:00:04:29.743 2835==    by 0x51281A2: monstartup (gmon.c:136)
==00:00:04:29.743 2835==    by 0x401890: __gmon_start__ (gmon-start.c:74)
==00:00:04:29.743 2835==    by 0x4C23E21: ??? (in /usr/lib/valgrind/vgpreload_memcheck-amd64-linux.so)
==00:00:04:29.743 2835== 
==00:00:04:29.743 2835== LEAK SUMMARY:
==00:00:04:29.743 2835==    definitely lost: 0 bytes in 0 blocks
==00:00:04:29.743 2835==    indirectly lost: 0 bytes in 0 blocks
==00:00:04:29.743 2835==      possibly lost: 816 bytes in 3 blocks
==00:00:04:29.743 2835==    still reachable: 15,484 bytes in 1 blocks
==00:00:04:29.743 2835==         suppressed: 0 bytes in 0 blocks
==00:00:04:29.743 2835== 
==00:00:04:29.743 2835== ERROR SUMMARY: 3 errors from 3 contexts (suppressed: 4 from 4)
--00:00:04:29.743 2835-- 
--00:00:04:29.743 2835-- used_suppression:      2 Debian libc6 (2.10.x) stripped dynamic linker
--00:00:04:29.743 2835-- used_suppression:      2 Debian libc6 (2.10.x) stripped dynamic linker
==00:00:04:29.743 2835== 
==00:00:04:29.743 2835== ERROR SUMMARY: 3 errors from 3 contexts (suppressed: 4 from 4)
